// Jest Snapshot v1, https://goo.gl/fbAQLP

exports[`matches snapshot 1`] = `
<DocumentFragment>
  <div
    aria-expanded="false"
    class="MuiAutocomplete-root MuiAutocomplete-hasPopupIcon css-zsee7j-MuiAutocomplete-root"
    role="combobox"
  >
    <div
      class="MuiFormControl-root MuiFormControl-fullWidth MuiTextField-root css-wb57ya-MuiFormControl-root-MuiTextField-root"
    >
      <label
        class="MuiInputLabel-root MuiInputLabel-formControl MuiInputLabel-animated MuiInputLabel-sizeSmall MuiInputLabel-filled MuiFormLabel-root MuiFormLabel-colorPrimary css-1mog9k0-MuiFormLabel-root-MuiInputLabel-root"
        data-shrink="false"
        for="asynchronous-demo"
        id="asynchronous-demo-label"
      >
        Search All Coins
      </label>
      <div
        class="MuiFilledInput-root MuiFilledInput-underline MuiInputBase-root MuiInputBase-colorPrimary MuiInputBase-fullWidth MuiInputBase-formControl MuiInputBase-sizeSmall MuiInputBase-adornedEnd MuiAutocomplete-inputRoot css-1w8yruj-MuiInputBase-root-MuiFilledInput-root"
      >
        <input
          aria-autocomplete="list"
          aria-invalid="false"
          autocapitalize="none"
          autocomplete="off"
          class="MuiFilledInput-input MuiInputBase-input MuiInputBase-inputSizeSmall MuiInputBase-inputAdornedEnd MuiAutocomplete-input MuiAutocomplete-inputFocused css-1u9li0h-MuiInputBase-input-MuiFilledInput-input"
          id="asynchronous-demo"
          spellcheck="false"
          type="text"
          value=""
        />
        <div
          class="MuiAutocomplete-endAdornment css-1q60rmi-MuiAutocomplete-endAdornment"
        >
          <button
            aria-label="Open"
            class="MuiButtonBase-root MuiIconButton-root MuiIconButton-sizeMedium MuiAutocomplete-popupIndicator css-qzbt6i-MuiButtonBase-root-MuiIconButton-root-MuiAutocomplete-popupIndicator"
            tabindex="-1"
            title="Open"
            type="button"
          >
            <svg
              aria-hidden="true"
              class="MuiSvgIcon-root MuiSvgIcon-fontSizeMedium css-i4bv87-MuiSvgIcon-root"
              data-testid="ArrowDropDownIcon"
              focusable="false"
              viewBox="0 0 24 24"
            >
              <path
                d="M7 10l5 5 5-5z"
              />
            </svg>
            <span
              class="MuiTouchRipple-root css-8je8zh-MuiTouchRipple-root"
            />
          </button>
        </div>
      </div>
    </div>
  </div>
</DocumentFragment>
`;

exports[`matches snapshot when logged out 1`] = `
<DocumentFragment>
  <div
    aria-expanded="false"
    class="MuiAutocomplete-root MuiAutocomplete-hasPopupIcon css-zsee7j-MuiAutocomplete-root"
    role="combobox"
  >
    <div
      class="MuiFormControl-root MuiFormControl-fullWidth MuiTextField-root css-wb57ya-MuiFormControl-root-MuiTextField-root"
    >
      <label
        class="MuiInputLabel-root MuiInputLabel-formControl MuiInputLabel-animated MuiInputLabel-sizeSmall MuiInputLabel-filled MuiFormLabel-root MuiFormLabel-colorPrimary css-1mog9k0-MuiFormLabel-root-MuiInputLabel-root"
        data-shrink="false"
        for="asynchronous-demo"
        id="asynchronous-demo-label"
      >
        Search All Coins
      </label>
      <div
        class="MuiFilledInput-root MuiFilledInput-underline MuiInputBase-root MuiInputBase-colorPrimary MuiInputBase-fullWidth MuiInputBase-formControl MuiInputBase-sizeSmall MuiInputBase-adornedEnd MuiAutocomplete-inputRoot css-1w8yruj-MuiInputBase-root-MuiFilledInput-root"
      >
        <input
          aria-autocomplete="list"
          aria-invalid="false"
          autocapitalize="none"
          autocomplete="off"
          class="MuiFilledInput-input MuiInputBase-input MuiInputBase-inputSizeSmall MuiInputBase-inputAdornedEnd MuiAutocomplete-input MuiAutocomplete-inputFocused css-1u9li0h-MuiInputBase-input-MuiFilledInput-input"
          id="asynchronous-demo"
          spellcheck="false"
          type="text"
          value=""
        />
        <div
          class="MuiAutocomplete-endAdornment css-1q60rmi-MuiAutocomplete-endAdornment"
        >
          <button
            aria-label="Open"
            class="MuiButtonBase-root MuiIconButton-root MuiIconButton-sizeMedium MuiAutocomplete-popupIndicator css-qzbt6i-MuiButtonBase-root-MuiIconButton-root-MuiAutocomplete-popupIndicator"
            tabindex="-1"
            title="Open"
            type="button"
          >
            <svg
              aria-hidden="true"
              class="MuiSvgIcon-root MuiSvgIcon-fontSizeMedium css-i4bv87-MuiSvgIcon-root"
              data-testid="ArrowDropDownIcon"
              focusable="false"
              viewBox="0 0 24 24"
            >
              <path
                d="M7 10l5 5 5-5z"
              />
            </svg>
            <span
              class="MuiTouchRipple-root css-8je8zh-MuiTouchRipple-root"
            />
          </button>
        </div>
      </div>
    </div>
  </div>
</DocumentFragment>
`;
