// Jest Snapshot v1, https://goo.gl/fbAQLP

exports[`matches snapshot 1`] = `
<DocumentFragment>
  <div>
    <div
      class="MuiGrid-root MuiGrid-container MuiGrid-spacing-xs-2 MuiGrid-spacing-md-3 css-wto7gs-MuiGrid-root"
    >
       
    </div>
  </div>
</DocumentFragment>
`;
